[cheat.blue/index.html]
[cheat.blue/favicon.ico]
[backblue.gif]
[fade.gif]
[index.html]
[cheat.blue/_astro/index.QvwoZ9AF.css]
[cheat.blue/_astro/index.vy1aEksz.css]
[cheat.blue/_astro/hoisted.7VbDWqJW.js]
[cheat.blue/img/bg.webp]
[cheat.blue/img/logo.webp]
[cheat.blue/tr.html]
[cheat.blue/products/index.html]
[cheat.blue/da.html]
[cheat.blue/img/modmenu-1.png]
[cheat.blue/es/index.html]
[cheat.blue/img/modmenu-2.png]
[cheat.blue/ru/index.html]
[cheat.blue/img/modmenu-3.png]
[cheat.blue/img/modmenu-4.png]
[cheat.blue/img/modmenu-5.png]
[cheat.blue/index.html]
[cheat.blue/_astro/index.QvwoZ9AF.css]
[cheat.blue/_astro/index.vy1aEksz.css]
[static.cloudflareinsights.com/beacon.min.js]
[cheat.blue/_astro/index.lzhLyCa8.css]
[cheat.blue/_astro/hoisted.H5r8HWBL.js]
[cheat.blue/tr/products.html]
[cheat.blue/da/products.html]
[cheat.blue/img/monolith-img.webp]
[cheat.blue/ru/products/index.html]
[cheat.blue/es/products/index.html]
[cheat.blue/product/monolith/index.html]
[cheat.blue/img/sero.webp]
[cheat.blue/product/serotonin/index.html]
[cheat.blue/img/mono.webp]
[cheat.blue/products/index.html]
[cheat.blue/ru/index.html]
[cheat.blue/es/index.html]
[cheat.blue/tr.html]
[cheat.blue/da.html]
[cheat.blue/_astro/index.lzhLyCa8.css]
[cheat.blue/ru/products/index.html]
[cheat.blue/ru/product/serotonin.html]
[cheat.blue/es/products/index.html]
[cheat.blue/tr/products.html]
[cheat.blue/da/products.html]
[cheat.blue/es/product/serotonin.html]
[cheat.blue/ru/product/monolith/index.html]
[cheat.blue/es/product/monolith/index.html]
[embed.sellpass.io/embed.js]
[cheat.blue/_astro/monolith.MfEzJLe9.css]
[cheat.blue/_astro/hoisted.jR0yYfhh.js]
[cheat.blue/tr/product/monolith.html]
[cheat.blue/da/product/monolith.html]
[img.youtube.com/vi/Fe0eGxYB66k/sddefault.jpg]
[img.youtube.com/vi/nc_cn51BUiw/sddefault.jpg]
[img.youtube.com/vi/och14ttqebc/sddefault.jpg]
[img.youtube.com/vi/IL77vI0MgSE/sddefault.jpg]
[cheat.blue/product/monolith/index.html]
[cheat.blue/tr/product/serotonin.html]
[cheat.blue/da/product/serotonin.html]
[img.youtube.com/vi/pGzbDwyiIts/sddefault.jpg]
[img.youtube.com/vi/1ETZYg73W1c/sddefault.jpg]
[img.youtube.com/vi/EqEUPWOR5go/sddefault.jpg]
[img.youtube.com/vi/uG8XwZeC8BM/sddefault.jpg]
[img.youtube.com/vi/hWXdKv4OhZQ/sddefault.jpg]
[img.youtube.com/vi/MkSzFLZBDsg/sddefault.jpg]
[cheat.blue/product/serotonin/index.html]
[cheat.blue/ru/product/monolith/index.html]
[cheat.blue/ru/product/serotonin.html]
[cheat.blue/es/product/monolith/index.html]
[cheat.blue/es/product/serotonin.html]
[cheat.blue/_astro/monolith.MfEzJLe9.css]
[cheat.blue/tr/product/monolith.html]
[cheat.blue/da/product/monolith.html]
[cheat.blue/tr/product/serotonin.html]
[cheat.blue/da/product/serotonin.html]
